// Jest Snapshot v1, https://goo.gl/fbAQLP

exports[`ChartLine should match snapshot 1`] = `
<div
  data-testid="chart-line"
>
  <div
    class="recharts-wrapper"
    style="position: relative; cursor: default; width: 500px; height: 300px;"
  >
    <svg
      class="recharts-surface"
      height="300"
      version="1.1"
      viewBox="0 0 500 300"
      width="500"
    >
      <defs>
        <clippath
          id="recharts1-clip"
        >
          <rect
            height="260"
            width="430"
            x="65"
            y="5"
          />
        </clippath>
      </defs>
      <g
        class="recharts-cartesian-grid"
      >
        <g
          class="recharts-cartesian-grid-horizontal"
        >
          <line
            fill="none"
            height="260"
            offset="[object Object]"
            stroke="#ccc"
            stroke-dasharray="3 3"
            width="430"
            x="65"
            x1="65"
            x2="495"
            y="5"
            y1="265"
            y2="265"
          />
          <line
            fill="none"
            height="260"
            offset="[object Object]"
            stroke="#ccc"
            stroke-dasharray="3 3"
            width="430"
            x="65"
            x1="65"
            x2="495"
            y="5"
            y1="200"
            y2="200"
          />
          <line
            fill="none"
            height="260"
            offset="[object Object]"
            stroke="#ccc"
            stroke-dasharray="3 3"
            width="430"
            x="65"
            x1="65"
            x2="495"
            y="5"
            y1="135"
            y2="135"
          />
          <line
            fill="none"
            height="260"
            offset="[object Object]"
            stroke="#ccc"
            stroke-dasharray="3 3"
            width="430"
            x="65"
            x1="65"
            x2="495"
            y="5"
            y1="70"
            y2="70"
          />
          <line
            fill="none"
            height="260"
            offset="[object Object]"
            stroke="#ccc"
            stroke-dasharray="3 3"
            width="430"
            x="65"
            x1="65"
            x2="495"
            y="5"
            y1="5"
            y2="5"
          />
        </g>
        <g
          class="recharts-cartesian-grid-vertical"
        >
          <line
            fill="none"
            height="260"
            offset="[object Object]"
            stroke="#ccc"
            stroke-dasharray="3 3"
            width="430"
            x="65"
            x1="65"
            x2="65"
            y="5"
            y1="5"
            y2="265"
          />
          <line
            fill="none"
            height="260"
            offset="[object Object]"
            stroke="#ccc"
            stroke-dasharray="3 3"
            width="430"
            x="65"
            x1="151"
            x2="151"
            y="5"
            y1="5"
            y2="265"
          />
          <line
            fill="none"
            height="260"
            offset="[object Object]"
            stroke="#ccc"
            stroke-dasharray="3 3"
            width="430"
            x="65"
            x1="237"
            x2="237"
            y="5"
            y1="5"
            y2="265"
          />
          <line
            fill="none"
            height="260"
            offset="[object Object]"
            stroke="#ccc"
            stroke-dasharray="3 3"
            width="430"
            x="65"
            x1="323"
            x2="323"
            y="5"
            y1="5"
            y2="265"
          />
          <line
            fill="none"
            height="260"
            offset="[object Object]"
            stroke="#ccc"
            stroke-dasharray="3 3"
            width="430"
            x="65"
            x1="409"
            x2="409"
            y="5"
            y1="5"
            y2="265"
          />
          <line
            fill="none"
            height="260"
            offset="[object Object]"
            stroke="#ccc"
            stroke-dasharray="3 3"
            width="430"
            x="65"
            x1="495"
            x2="495"
            y="5"
            y1="5"
            y2="265"
          />
        </g>
      </g>
      <g
        class="recharts-layer recharts-cartesian-axis recharts-xAxis xAxis"
      >
        <line
          class="recharts-cartesian-axis-line"
          fill="none"
          height="30"
          orientation="bottom"
          stroke="#666"
          type="category"
          width="430"
          x="65"
          x1="65"
          x2="495"
          y="265"
          y1="265"
          y2="265"
        />
        <g
          class="recharts-cartesian-axis-ticks"
        >
          <g
            class="recharts-layer recharts-cartesian-axis-tick"
          >
            <line
              class="recharts-cartesian-axis-tick-line"
              fill="none"
              height="30"
              orientation="bottom"
              stroke="#666"
              type="category"
              width="430"
              x="65"
              x1="65"
              x2="65"
              y="265"
              y1="268"
              y2="265"
            />
            <text
              class="recharts-text recharts-cartesian-axis-tick-value"
              fill="#666"
              height="30"
              orientation="bottom"
              stroke="none"
              text-anchor="middle"
              type="category"
              width="430"
              x="65"
              y="270"
            >
              <tspan
                dy="0.71em"
                x="65"
              >
                name1
              </tspan>
            </text>
          </g>
          <g
            class="recharts-layer recharts-cartesian-axis-tick"
          >
            <line
              class="recharts-cartesian-axis-tick-line"
              fill="none"
              height="30"
              orientation="bottom"
              stroke="#666"
              type="category"
              width="430"
              x="65"
              x1="151"
              x2="151"
              y="265"
              y1="268"
              y2="265"
            />
            <text
              class="recharts-text recharts-cartesian-axis-tick-value"
              fill="#666"
              height="30"
              orientation="bottom"
              stroke="none"
              text-anchor="middle"
              type="category"
              width="430"
              x="151"
              y="270"
            >
              <tspan
                dy="0.71em"
                x="151"
              >
                name2
              </tspan>
            </text>
          </g>
          <g
            class="recharts-layer recharts-cartesian-axis-tick"
          >
            <line
              class="recharts-cartesian-axis-tick-line"
              fill="none"
              height="30"
              orientation="bottom"
              stroke="#666"
              type="category"
              width="430"
              x="65"
              x1="237"
              x2="237"
              y="265"
              y1="268"
              y2="265"
            />
            <text
              class="recharts-text recharts-cartesian-axis-tick-value"
              fill="#666"
              height="30"
              orientation="bottom"
              stroke="none"
              text-anchor="middle"
              type="category"
              width="430"
              x="237"
              y="270"
            >
              <tspan
                dy="0.71em"
                x="237"
              >
                name3
              </tspan>
            </text>
          </g>
          <g
            class="recharts-layer recharts-cartesian-axis-tick"
          >
            <line
              class="recharts-cartesian-axis-tick-line"
              fill="none"
              height="30"
              orientation="bottom"
              stroke="#666"
              type="category"
              width="430"
              x="65"
              x1="323"
              x2="323"
              y="265"
              y1="268"
              y2="265"
            />
            <text
              class="recharts-text recharts-cartesian-axis-tick-value"
              fill="#666"
              height="30"
              orientation="bottom"
              stroke="none"
              text-anchor="middle"
              type="category"
              width="430"
              x="323"
              y="270"
            >
              <tspan
                dy="0.71em"
                x="323"
              >
                name4
              </tspan>
            </text>
          </g>
          <g
            class="recharts-layer recharts-cartesian-axis-tick"
          >
            <line
              class="recharts-cartesian-axis-tick-line"
              fill="none"
              height="30"
              orientation="bottom"
              stroke="#666"
              type="category"
              width="430"
              x="65"
              x1="409"
              x2="409"
              y="265"
              y1="268"
              y2="265"
            />
            <text
              class="recharts-text recharts-cartesian-axis-tick-value"
              fill="#666"
              height="30"
              orientation="bottom"
              stroke="none"
              text-anchor="middle"
              type="category"
              width="430"
              x="409"
              y="270"
            >
              <tspan
                dy="0.71em"
                x="409"
              >
                name5
              </tspan>
            </text>
          </g>
          <g
            class="recharts-layer recharts-cartesian-axis-tick"
          >
            <line
              class="recharts-cartesian-axis-tick-line"
              fill="none"
              height="30"
              orientation="bottom"
              stroke="#666"
              type="category"
              width="430"
              x="65"
              x1="495"
              x2="495"
              y="265"
              y1="268"
              y2="265"
            />
            <text
              class="recharts-text recharts-cartesian-axis-tick-value"
              fill="#666"
              height="30"
              orientation="bottom"
              stroke="none"
              text-anchor="middle"
              type="category"
              width="430"
              x="495"
              y="270"
            >
              <tspan
                dy="0.71em"
                x="495"
              >
                name6
              </tspan>
            </text>
          </g>
        </g>
      </g>
      <g
        class="recharts-layer recharts-cartesian-axis recharts-yAxis yAxis"
      >
        <line
          class="recharts-cartesian-axis-line"
          fill="none"
          height="260"
          orientation="left"
          stroke="#666"
          type="number"
          width="60"
          x="5"
          x1="65"
          x2="65"
          y="5"
          y1="5"
          y2="265"
        />
        <g
          class="recharts-cartesian-axis-ticks"
        >
          <g
            class="recharts-layer recharts-cartesian-axis-tick"
          >
            <line
              class="recharts-cartesian-axis-tick-line"
              fill="none"
              height="260"
              orientation="left"
              stroke="#666"
              type="number"
              width="60"
              x="5"
              x1="59"
              x2="65"
              y="5"
              y1="265"
              y2="265"
            />
            <text
              class="recharts-text recharts-cartesian-axis-tick-value"
              fill="#666"
              height="260"
              orientation="left"
              stroke="none"
              text-anchor="end"
              type="number"
              width="60"
              x="57"
              y="265"
            >
              <tspan
                dy="0.355em"
                x="57"
              >
                0
              </tspan>
            </text>
          </g>
          <g
            class="recharts-layer recharts-cartesian-axis-tick"
          >
            <line
              class="recharts-cartesian-axis-tick-line"
              fill="none"
              height="260"
              orientation="left"
              stroke="#666"
              type="number"
              width="60"
              x="5"
              x1="59"
              x2="65"
              y="5"
              y1="200"
              y2="200"
            />
            <text
              class="recharts-text recharts-cartesian-axis-tick-value"
              fill="#666"
              height="260"
              orientation="left"
              stroke="none"
              text-anchor="end"
              type="number"
              width="60"
              x="57"
              y="200"
            >
              <tspan
                dy="0.355em"
                x="57"
              >
                15
              </tspan>
            </text>
          </g>
          <g
            class="recharts-layer recharts-cartesian-axis-tick"
          >
            <line
              class="recharts-cartesian-axis-tick-line"
              fill="none"
              height="260"
              orientation="left"
              stroke="#666"
              type="number"
              width="60"
              x="5"
              x1="59"
              x2="65"
              y="5"
              y1="135"
              y2="135"
            />
            <text
              class="recharts-text recharts-cartesian-axis-tick-value"
              fill="#666"
              height="260"
              orientation="left"
              stroke="none"
              text-anchor="end"
              type="number"
              width="60"
              x="57"
              y="135"
            >
              <tspan
                dy="0.355em"
                x="57"
              >
                30
              </tspan>
            </text>
          </g>
          <g
            class="recharts-layer recharts-cartesian-axis-tick"
          >
            <line
              class="recharts-cartesian-axis-tick-line"
              fill="none"
              height="260"
              orientation="left"
              stroke="#666"
              type="number"
              width="60"
              x="5"
              x1="59"
              x2="65"
              y="5"
              y1="70"
              y2="70"
            />
            <text
              class="recharts-text recharts-cartesian-axis-tick-value"
              fill="#666"
              height="260"
              orientation="left"
              stroke="none"
              text-anchor="end"
              type="number"
              width="60"
              x="57"
              y="70"
            >
              <tspan
                dy="0.355em"
                x="57"
              >
                45
              </tspan>
            </text>
          </g>
          <g
            class="recharts-layer recharts-cartesian-axis-tick"
          >
            <line
              class="recharts-cartesian-axis-tick-line"
              fill="none"
              height="260"
              orientation="left"
              stroke="#666"
              type="number"
              width="60"
              x="5"
              x1="59"
              x2="65"
              y="5"
              y1="5"
              y2="5"
            />
            <text
              class="recharts-text recharts-cartesian-axis-tick-value"
              fill="#666"
              height="260"
              orientation="left"
              stroke="none"
              text-anchor="end"
              type="number"
              width="60"
              x="57"
              y="5"
            >
              <tspan
                dy="0.355em"
                x="57"
              >
                60
              </tspan>
            </text>
          </g>
        </g>
      </g>
      <g
        class="recharts-layer recharts-line"
      >
        <path
          class="recharts-curve recharts-line-curve"
          d="M65,252C93.66666666666667,256.3333333333333,122.33333333333333,260.66666666666663,151,260.66666666666663C179.66666666666666,260.66666666666663,208.33333333333334,70,237,70C265.6666666666667,70,294.3333333333333,141.5,323,165.33333333333334C351.6666666666667,189.16666666666669,380.3333333333333,213,409,213C437.6666666666667,213,466.3333333333333,211.05,495,209.1"
          fill="none"
          height="260"
          points="[object Object],[object Object],[object Object],[object Object],[object Object],[object Object]"
          stroke="#0E074B"
          stroke-dasharray="0px 0px"
          stroke-width="1"
          type="monotone"
          width="430"
        />
      </g>
    </svg>
    <div
      class="recharts-legend-wrapper"
      style="position: absolute; width: 490px; height: auto; left: 5px; top: 5px;"
    >
      <ul
        class="recharts-default-legend"
        style="padding: 0px; margin: 0px; text-align: center;"
      >
        <li
          class="recharts-legend-item legend-item-0"
          style="display: inline-block; margin-right: 10px;"
        >
          <svg
            class="recharts-surface"
            height="14"
            style="display: inline-block; vertical-align: middle; margin-right: 4px;"
            version="1.1"
            viewBox="0 0 32 32"
            width="14"
          >
            <path
              class="recharts-legend-icon"
              d="M0,16h10.666666666666666
            A5.333333333333333,5.333333333333333,0,1,1,21.333333333333332,16
            H32M21.333333333333332,16
            A5.333333333333333,5.333333333333333,0,1,1,10.666666666666666,16"
              fill="none"
              stroke="#0E074B"
              stroke-width="4"
            />
          </svg>
          <span
            class="recharts-legend-item-text"
            style="color: rgb(14, 7, 75);"
          >
            value
          </span>
        </li>
      </ul>
    </div>
    <div
      class="recharts-tooltip-wrapper"
      style="transform: translate(undefinedpx, undefinedpx); pointer-events: none; visibility: hidden; position: absolute; top: 0px; left: 0px;"
    >
      <div
        class="recharts-default-tooltip"
        style="margin: 0px; padding: 10px; background-color: rgb(255, 255, 255); border: 1px solid #ccc; white-space: nowrap;"
      >
        <p
          class="recharts-tooltip-label"
          style="margin: 0px;"
        />
      </div>
    </div>
  </div>
</div>
`;
